<?xml version="1.0" encoding="utf-8"?><testsuites name="pytest tests"><testsuite name="pytest" errors="0" failures="0" skipped="0" tests="433" time="3.225" timestamp="2026-02-07T23:22:58.210722-05:00" hostname="mac.uphs.upenn.edu"><testcase classname="tests.test_api_routes.TestActiveResidentsAPI" name="test_returns_active_residents" file="tests/test_api_routes.py" line="10" time="0.202" /><testcase classname="tests.test_api_routes.TestActiveResidentsAPI" name="test_returns_json_format" file="tests/test_api_routes.py" line="32" time="0.005" /><testcase classname="tests.test_api_routes.TestActiveResidentsAPI" name="test_returns_empty_list_when_no_active" file="tests/test_api_routes.py" line="52" time="0.017" /><testcase classname="tests.test_api_routes.TestActiveResidentsAPI" name="test_residents_ordered_by_name" file="tests/test_api_routes.py" line="72" time="0.004" /><testcase classname="tests.test_api_routes.TestRolesAPI" name="test_returns_all_roles" file="tests/test_api_routes.py" line="101" time="0.006" /><testcase classname="tests.test_api_routes.TestRolesAPI" name="test_returns_json_format" file="tests/test_api_routes.py" line="111" time="0.002" /><testcase classname="tests.test_api_routes.TestRolesAPI" name="test_role_includes_cutoff_hour" file="tests/test_api_routes.py" line="120" time="0.004" /><testcase classname="tests.test_api_routes.TestRolesAPI" name="test_role_includes_is_backup" file="tests/test_api_routes.py" line="131" time="0.004" /><testcase classname="tests.test_api_routes.TestRolesAPI" name="test_roles_ordered_by_display_order" file="tests/test_api_routes.py" line="141" time="0.005" /><testcase classname="tests.test_api_routes.TestRolesAPI" name="test_returns_empty_list_when_no_roles" file="tests/test_api_routes.py" line="165" time="0.001" /><testcase classname="tests.test_api_routes.TestAPIEndpointAccess" name="test_residents_api_no_auth_required" file="tests/test_api_routes.py" line="178" time="0.001" /><testcase classname="tests.test_api_routes.TestAPIEndpointAccess" name="test_roles_api_no_auth_required" file="tests/test_api_routes.py" line="196" time="0.001" /><testcase classname="tests.test_app_init.TestInitDb" name="test_init_db_creates_roles_if_missing" file="tests/test_app_init.py" line="8" time="0.019" /><testcase classname="tests.test_app_init.TestInitDb" name="test_init_db_sets_backup_flag_on_backup_roles" file="tests/test_app_init.py" line="29" time="0.014" /><testcase classname="tests.test_app_init.TestInitDb" name="test_init_db_updates_cardiac_backup_role" file="tests/test_app_init.py" line="57" time="0.014" /><testcase classname="tests.test_app_init.TestInitDb" name="test_init_db_creates_federal_holidays" file="tests/test_app_init.py" line="85" time="0.022" /><testcase classname="tests.test_app_init.TestInitDb" name="test_init_db_does_not_duplicate_roles" file="tests/test_app_init.py" line="100" time="0.027" /><testcase classname="tests.test_app_init.TestInitDb" name="test_init_db_does_not_duplicate_holidays" file="tests/test_app_init.py" line="115" time="0.025" /><testcase classname="tests.test_app_init.TestInitDb" name="test_init_db_uses_config_cutoff_hours" file="tests/test_app_init.py" line="129" time="0.017" /><testcase classname="tests.test_app_init.TestContextProcessor" name="test_inject_auth_provides_current_user" file="tests/test_app_init.py" line="152" time="0.045" /><testcase classname="tests.test_app_init.TestContextProcessor" name="test_inject_auth_provides_is_admin" file="tests/test_app_init.py" line="159" time="0.004" /><testcase classname="tests.test_audit.TestAuditLogging" name="test_log_create" file="tests/test_audit.py" line="21" time="0.005" /><testcase classname="tests.test_audit.TestAuditLogging" name="test_log_update" file="tests/test_audit.py" line="35" time="0.002" /><testcase classname="tests.test_audit.TestAuditLogging" name="test_log_delete" file="tests/test_audit.py" line="48" time="0.002" /><testcase classname="tests.test_audit.TestAuditLogging" name="test_log_lock" file="tests/test_audit.py" line="61" time="0.003" /><testcase classname="tests.test_audit.TestAuditLogging" name="test_log_unlock" file="tests/test_audit.py" line="77" time="0.005" /><testcase classname="tests.test_audit.TestAuditLogging" name="test_log_import" file="tests/test_audit.py" line="92" time="0.002" /><testcase classname="tests.test_audit.TestAuditRoute" name="test_audit_page_loads" file="tests/test_audit.py" line="112" time="0.024" /><testcase classname="tests.test_audit.TestAuditRoute" name="test_audit_with_filters" file="tests/test_audit.py" line="118" time="0.006" /><testcase classname="tests.test_audit.TestAuditRoute" name="test_audit_requires_admin" file="tests/test_audit.py" line="123" time="0.005" /><testcase classname="tests.test_audit.TestAuditRoute" name="test_audit_filter_by_entity_type_only" file="tests/test_audit.py" line="141" time="0.006" /><testcase classname="tests.test_audit.TestAuditRoute" name="test_audit_filter_by_action_only" file="tests/test_audit.py" line="156" time="0.009" /><testcase classname="tests.test_audit.TestAuditRoute" name="test_audit_limit_parameter" file="tests/test_audit.py" line="161" time="0.002" /><testcase classname="tests.test_audit.TestAuditRoute" name="test_audit_default_limit" file="tests/test_audit.py" line="166" time="0.007" /><testcase classname="tests.test_audit.TestAuditRoute" name="test_audit_entries_ordered_by_timestamp_desc" file="tests/test_audit.py" line="171" time="0.006" /><testcase classname="tests.test_audit.TestAuditRoute" name="test_audit_displays_entry_details" file="tests/test_audit.py" line="194" time="0.004" /><testcase classname="tests.test_audit.TestAuditLogModel" name="test_audit_log_stores_user" file="tests/test_audit.py" line="214" time="0.003" /><testcase classname="tests.test_audit.TestAuditLogModel" name="test_audit_log_stores_timestamp" file="tests/test_audit.py" line="235" time="0.003" /><testcase classname="tests.test_audit.TestAuditLogModel" name="test_audit_log_stores_details_as_json" file="tests/test_audit.py" line="247" time="0.003" /><testcase classname="tests.test_audit.TestGetClientIP" name="test_get_client_ip_with_x_forwarded_for" file="tests/test_audit.py" line="264" time="0.001" /><testcase classname="tests.test_audit.TestGetClientIP" name="test_get_client_ip_with_x_real_ip" file="tests/test_audit.py" line="272" time="0.000" /><testcase classname="tests.test_audit.TestGetClientIP" name="test_get_client_ip_falls_back_to_remote_addr" file="tests/test_audit.py" line="278" time="0.000" /><testcase classname="tests.test_audit.TestGetClientIP" name="test_get_client_ip_outside_request_context" file="tests/test_audit.py" line="285" time="0.000" /><testcase classname="tests.test_audit.TestLogActionExceptionHandling" name="test_log_action_handles_db_error" file="tests/test_audit.py" line="296" time="0.001" /><testcase classname="tests.test_audit.TestLogActionExceptionHandling" name="test_log_action_rollback_on_error" file="tests/test_audit.py" line="305" time="0.001" /><testcase classname="tests.test_audit.TestGetAuditTrail" name="test_get_audit_trail_no_filters" file="tests/test_audit.py" line="320" time="0.005" /><testcase classname="tests.test_audit.TestGetAuditTrail" name="test_get_audit_trail_filter_by_entity_type" file="tests/test_audit.py" line="336" time="0.003" /><testcase classname="tests.test_audit.TestGetAuditTrail" name="test_get_audit_trail_filter_by_entity_id" file="tests/test_audit.py" line="350" time="0.003" /><testcase classname="tests.test_audit.TestGetAuditTrail" name="test_get_audit_trail_filter_by_user" file="tests/test_audit.py" line="364" time="0.003" /><testcase classname="tests.test_audit.TestGetAuditTrail" name="test_get_audit_trail_filter_by_action" file="tests/test_audit.py" line="384" time="0.002" /><testcase classname="tests.test_audit.TestGetAuditTrail" name="test_get_audit_trail_with_limit" file="tests/test_audit.py" line="398" time="0.005" /><testcase classname="tests.test_audit.TestGetAuditTrail" name="test_get_audit_trail_ordered_by_timestamp_desc" file="tests/test_audit.py" line="414" time="0.003" /><testcase classname="tests.test_audit.TestGetEntityHistory" name="test_get_entity_history" file="tests/test_audit.py" line="435" time="0.004" /><testcase classname="tests.test_audit.TestGetEntityHistory" name="test_get_entity_history_high_limit" file="tests/test_audit.py" line="453" time="0.002" /><testcase classname="tests.test_audit.TestLogUpdate" name="test_log_update_with_changes_and_details" file="tests/test_audit.py" line="471" time="0.002" /><testcase classname="tests.test_audit.TestLogUpdate" name="test_log_update_creates_details_if_none" file="tests/test_audit.py" line="489" time="0.003" /><testcase classname="tests.test_audit.TestLogImport" name="test_log_import_with_user" file="tests/test_audit.py" line="505" time="0.004" /><testcase classname="tests.test_audit.TestLogImport" name="test_log_import_with_entity_id" file="tests/test_audit.py" line="521" time="0.003" /><testcase classname="tests.test_auth.TestGetCurrentUser" name="test_returns_user_name_from_env" file="tests/test_auth.py" line="10" time="0.000" /><testcase classname="tests.test_auth.TestGetCurrentUser" name="test_returns_admin_when_not_set" file="tests/test_auth.py" line="22" time="0.000" /><testcase classname="tests.test_auth.TestGetCurrentUser" name="test_returns_empty_string_if_set_empty" file="tests/test_auth.py" line="33" time="0.000" /><testcase classname="tests.test_auth.TestIsAdmin" name="test_admin_when_user_in_admin_list" file="tests/test_auth.py" line="49" time="0.000" /><testcase classname="tests.test_auth.TestIsAdmin" name="test_not_admin_when_user_not_in_list" file="tests/test_auth.py" line="63" time="0.000" /><testcase classname="tests.test_auth.TestIsAdmin" name="test_admin_with_whitespace_in_list" file="tests/test_auth.py" line="77" time="0.000" /><testcase classname="tests.test_auth.TestIsAdmin" name="test_admin_default_when_not_set" file="tests/test_auth.py" line="91" time="0.000" /><testcase classname="tests.test_auth.TestIsAdmin" name="test_not_admin_with_default_admin_users" file="tests/test_auth.py" line="106" time="0.000" /><testcase classname="tests.test_auth.TestIsAdmin" name="test_admin_case_sensitive" file="tests/test_auth.py" line="122" time="0.000" /><testcase classname="tests.test_auth.TestIsAdmin" name="test_admin_with_single_user" file="tests/test_auth.py" line="136" time="0.000" /><testcase classname="tests.test_auth.TestAdminRequiredDecorator" name="test_admin_can_access_protected_route" file="tests/test_auth.py" line="154" time="0.009" /><testcase classname="tests.test_auth.TestAdminRequiredDecorator" name="test_non_admin_redirected_from_protected_route" file="tests/test_auth.py" line="170" time="0.005" /><testcase classname="tests.test_auth.TestAdminRequiredDecorator" name="test_admin_required_redirects_to_index" file="tests/test_auth.py" line="190" time="0.001" /><testcase classname="tests.test_auth.TestAdminRequiredDecorator" name="test_residents_route_requires_admin" file="tests/test_auth.py" line="208" time="0.001" /><testcase classname="tests.test_auth.TestAdminRequiredDecorator" name="test_audit_route_requires_admin" file="tests/test_auth.py" line="224" time="0.001" /><testcase classname="tests.test_config.TestConfig" name="test_secret_key_from_env" file="tests/test_config.py" line="12" time="0.007" /><testcase classname="tests.test_config.TestConfig" name="test_secret_key_default" file="tests/test_config.py" line="18" time="0.000" /><testcase classname="tests.test_config.TestConfig" name="test_database_uri_from_env" file="tests/test_config.py" line="26" time="0.006" /><testcase classname="tests.test_config.TestConfig" name="test_database_uri_default" file="tests/test_config.py" line="32" time="0.008" /><testcase classname="tests.test_config.TestConfig" name="test_user_name_from_env" file="tests/test_config.py" line="41" time="0.007" /><testcase classname="tests.test_config.TestConfig" name="test_user_name_default" file="tests/test_config.py" line="47" time="0.009" /><testcase classname="tests.test_config.TestConfig" name="test_email_host_default" file="tests/test_config.py" line="56" time="0.000" /><testcase classname="tests.test_config.TestConfig" name="test_email_port_from_env" file="tests/test_config.py" line="60" time="0.007" /><testcase classname="tests.test_config.TestConfig" name="test_email_port_default" file="tests/test_config.py" line="66" time="0.009" /><testcase classname="tests.test_config.TestConfig" name="test_timezone_default" file="tests/test_config.py" line="75" time="0.008" /><testcase classname="tests.test_config.TestConfig" name="test_day_reset_hour_default" file="tests/test_config.py" line="84" time="0.008" /><testcase classname="tests.test_config.TestConfig" name="test_default_cutoff_hour" file="tests/test_config.py" line="93" time="0.007" /><testcase classname="tests.test_config.TestConfig" name="test_default_cutoff_minute" file="tests/test_config.py" line="99" time="0.007" /><testcase classname="tests.test_config.TestConfig" name="test_role_cutoff_hours_contains_common_roles" file="tests/test_config.py" line="105" time="0.000" /><testcase classname="tests.test_config.TestConfig" name="test_role_cutoff_minutes_contains_common_roles" file="tests/test_config.py" line="111" time="0.000" /><testcase classname="tests.test_config.TestConfig" name="test_sqlalchemy_track_modifications_disabled" file="tests/test_config.py" line="117" time="0.000" /><testcase classname="tests.test_email_service.TestEmailService" name="test_send_report_email_no_credentials" file="tests/test_email_service.py" line="12" time="0.002" /><testcase classname="tests.test_email_service.TestEmailService" name="test_send_report_email_no_recipient" file="tests/test_email_service.py" line="26" time="0.001" /><testcase classname="tests.test_email_service.TestEmailService" name="test_send_report_email_success" file="tests/test_email_service.py" line="41" time="0.009" /><testcase classname="tests.test_email_service.TestEmailService" name="test_send_report_email_with_resident_filter" file="tests/test_email_service.py" line="65" time="0.007" /><testcase classname="tests.test_email_service.TestEmailService" name="test_send_report_email_smtp_auth_error" file="tests/test_email_service.py" line="91" time="0.003" /><testcase classname="tests.test_email_service.TestEmailService" name="test_send_report_email_smtp_error" file="tests/test_email_service.py" line="116" time="0.004" /><testcase classname="tests.test_email_service.TestEmailService" name="test_send_report_email_general_exception" file="tests/test_email_service.py" line="136" time="0.002" /><testcase classname="tests.test_email_service.TestEmailService" name="test_send_report_email_no_recipient_and_no_config" file="tests/test_email_service.py" line="157" time="0.001" /><testcase classname="tests.test_email_service.TestEmailService" name="test_send_report_email_uses_config_recipient" file="tests/test_email_service.py" line="172" time="0.003" /><testcase classname="tests.test_entries.TestEntryUpdate" name="test_update_exit_time" file="tests/test_entries.py" line="12" time="0.063" /><testcase classname="tests.test_entries.TestEntryUpdate" name="test_update_clears_exit_time" file="tests/test_entries.py" line="35" time="0.016" /><testcase classname="tests.test_entries.TestEntryUpdate" name="test_update_locked_sheet_fails" file="tests/test_entries.py" line="57" time="0.013" /><testcase classname="tests.test_entries.TestEntryUpdate" name="test_update_with_start_time" file="tests/test_entries.py" line="84" time="0.017" /><testcase classname="tests.test_entries.TestEntryAdd" name="test_add_entry_with_start_time" file="tests/test_entries.py" line="139" time="0.015" /><testcase classname="tests.test_entries.TestEntryDelete" name="test_delete_nonexistent_entry" file="tests/test_entries.py" line="182" time="0.002" /><testcase classname="tests.test_entries.TestEntryDelete" name="test_delete_entry_success" file="tests/test_entries.py" line="194" time="0.017" /><testcase classname="tests.test_entries.TestEntryEdgeCases" name="test_update_nonexistent_entry" file="tests/test_entries.py" line="217" time="0.002" /><testcase classname="tests.test_entries.TestEntryEdgeCases" name="test_add_entry_invalid_date" file="tests/test_entries.py" line="232" time="0.011" /><testcase classname="tests.test_entries.TestEntryEdgeCases" name="test_update_entry_clears_start_time" file="tests/test_entries.py" line="249" time="0.016" /><testcase classname="tests.test_entries.TestEntryEdgeCases" name="test_add_entry_with_no_resident" file="tests/test_entries.py" line="290" time="0.010" /><testcase classname="tests.test_entries.TestEntryExceptionHandling" name="test_update_entry_db_error" file="tests/test_entries.py" line="320" time="0.017" /><testcase classname="tests.test_entries.TestEntryExceptionHandling" name="test_delete_entry_db_error" file="tests/test_entries.py" line="344" time="0.015" /><testcase classname="tests.test_entries.TestEntryExceptionHandling" name="test_add_entry_db_error" file="tests/test_entries.py" line="382" time="0.011" /><testcase classname="tests.test_errors.TestAPIError" name="test_api_error_initialization" file="tests/test_errors.py" line="21" time="0.000" /><testcase classname="tests.test_errors.TestAPIError" name="test_api_error_with_status_code" file="tests/test_errors.py" line="28" time="0.000" /><testcase classname="tests.test_errors.TestAPIError" name="test_api_error_with_payload" file="tests/test_errors.py" line="33" time="0.000" /><testcase classname="tests.test_errors.TestAPIError" name="test_api_error_to_dict" file="tests/test_errors.py" line="38" time="0.000" /><testcase classname="tests.test_errors.TestAPIError" name="test_api_error_to_dict_with_payload" file="tests/test_errors.py" line="48" time="0.000" /><testcase classname="tests.test_errors.TestValidationError" name="test_validation_error_initialization" file="tests/test_errors.py" line="59" time="0.000" /><testcase classname="tests.test_errors.TestValidationError" name="test_validation_error_with_payload" file="tests/test_errors.py" line="65" time="0.000" /><testcase classname="tests.test_errors.TestValidationError" name="test_validation_error_to_dict" file="tests/test_errors.py" line="70" time="0.000" /><testcase classname="tests.test_errors.TestNotFoundError" name="test_not_found_error_initialization" file="tests/test_errors.py" line="80" time="0.000" /><testcase classname="tests.test_errors.TestNotFoundError" name="test_not_found_error_to_dict" file="tests/test_errors.py" line="86" time="0.000" /><testcase classname="tests.test_errors.TestPermissionError" name="test_permission_error_initialization" file="tests/test_errors.py" line="96" time="0.000" /><testcase classname="tests.test_errors.TestPermissionError" name="test_permission_error_to_dict" file="tests/test_errors.py" line="102" time="0.000" /><testcase classname="tests.test_errors.TestConflictError" name="test_conflict_error_initialization" file="tests/test_errors.py" line="112" time="0.000" /><testcase classname="tests.test_errors.TestConflictError" name="test_conflict_error_to_dict" file="tests/test_errors.py" line="118" time="0.000" /><testcase classname="tests.test_errors.TestDatabaseError" name="test_database_error_initialization" file="tests/test_errors.py" line="128" time="0.000" /><testcase classname="tests.test_errors.TestDatabaseError" name="test_database_error_to_dict" file="tests/test_errors.py" line="134" time="0.000" /><testcase classname="tests.test_errors.TestErrorHandlers" name="test_register_error_handlers" file="tests/test_errors.py" line="200" time="0.001" /><testcase classname="tests.test_errors.TestErrorHandlers" name="test_api_error_handler" file="tests/test_errors.py" line="206" time="0.003" /><testcase classname="tests.test_errors.TestErrorHandlers" name="test_validation_error_handler" file="tests/test_errors.py" line="214" time="0.004" /><testcase classname="tests.test_errors.TestErrorHandlers" name="test_not_found_error_handler" file="tests/test_errors.py" line="221" time="0.003" /><testcase classname="tests.test_errors.TestErrorHandlers" name="test_permission_error_handler" file="tests/test_errors.py" line="228" time="0.004" /><testcase classname="tests.test_errors.TestErrorHandlers" name="test_conflict_error_handler" file="tests/test_errors.py" line="235" time="0.003" /><testcase classname="tests.test_errors.TestErrorHandlers" name="test_database_error_handler" file="tests/test_errors.py" line="242" time="0.003" /><testcase classname="tests.test_errors.TestErrorHandlers" name="test_404_handler" file="tests/test_errors.py" line="249" time="0.004" /><testcase classname="tests.test_errors.TestErrorHandlers" name="test_500_error_handler" file="tests/test_errors.py" line="257" time="0.003" /><testcase classname="tests.test_errors.TestErrorHandlers" name="test_500_error_handler_via_abort" file="tests/test_errors.py" line="265" time="0.003" /><testcase classname="tests.test_errors.TestErrorHandlers" name="test_api_error_with_payload_in_handler" file="tests/test_errors.py" line="280" time="0.003" /><testcase classname="tests.test_forms.TestTimeEntryForm" name="test_valid_time_entry_form" file="tests/test_forms.py" line="12" time="0.001" /><testcase classname="tests.test_forms.TestTimeEntryForm" name="test_missing_resident_id" file="tests/test_forms.py" line="28" time="0.000" /><testcase classname="tests.test_forms.TestTimeEntryForm" name="test_missing_role_id" file="tests/test_forms.py" line="44" time="0.000" /><testcase classname="tests.test_forms.TestTimeEntryForm" name="test_missing_exit_time" file="tests/test_forms.py" line="60" time="0.000" /><testcase classname="tests.test_forms.TestResidentForm" name="test_valid_resident_form" file="tests/test_forms.py" line="80" time="0.000" /><testcase classname="tests.test_forms.TestResidentForm" name="test_missing_name" file="tests/test_forms.py" line="86" time="0.000" /><testcase classname="tests.test_forms.TestResidentForm" name="test_name_too_short" file="tests/test_forms.py" line="93" time="0.000" /><testcase classname="tests.test_forms.TestResidentForm" name="test_name_too_long" file="tests/test_forms.py" line="101" time="0.000" /><testcase classname="tests.test_forms.TestResidentForm" name="test_name_at_minimum_length" file="tests/test_forms.py" line="109" time="0.000" /><testcase classname="tests.test_forms.TestResidentForm" name="test_name_at_maximum_length" file="tests/test_forms.py" line="115" time="0.000" /><testcase classname="tests.test_forms.TestRoleUpdateForm" name="test_valid_cutoff_hour" file="tests/test_forms.py" line="125" time="0.000" /><testcase classname="tests.test_forms.TestRoleUpdateForm" name="test_cutoff_hour_at_minimum" file="tests/test_forms.py" line="131" time="0.000" /><testcase classname="tests.test_forms.TestRoleUpdateForm" name="test_cutoff_hour_at_maximum" file="tests/test_forms.py" line="144" time="0.000" /><testcase classname="tests.test_forms.TestRoleUpdateForm" name="test_cutoff_hour_below_minimum" file="tests/test_forms.py" line="150" time="0.000" /><testcase classname="tests.test_forms.TestRoleUpdateForm" name="test_cutoff_hour_above_maximum" file="tests/test_forms.py" line="157" time="0.000" /><testcase classname="tests.test_forms.TestRoleUpdateForm" name="test_missing_cutoff_hour" file="tests/test_forms.py" line="164" time="0.000" /><testcase classname="tests.test_forms.TestReportForm" name="test_valid_date_range" file="tests/test_forms.py" line="175" time="0.000" /><testcase classname="tests.test_forms.TestReportForm" name="test_same_start_and_end_date" file="tests/test_forms.py" line="186" time="0.000" /><testcase classname="tests.test_forms.TestReportForm" name="test_end_date_before_start_date" file="tests/test_forms.py" line="197" time="0.000" /><testcase classname="tests.test_forms.TestReportForm" name="test_missing_start_date" file="tests/test_forms.py" line="212" time="0.000" /><testcase classname="tests.test_forms.TestReportForm" name="test_missing_end_date" file="tests/test_forms.py" line="224" time="0.000" /><testcase classname="tests.test_holidays.TestGetFederalHolidays" name="test_returns_list" file="tests/test_holidays.py" line="11" time="0.001" /><testcase classname="tests.test_holidays.TestGetFederalHolidays" name="test_returns_date_name_tuples" file="tests/test_holidays.py" line="16" time="0.001" /><testcase classname="tests.test_holidays.TestGetFederalHolidays" name="test_includes_major_holidays" file="tests/test_holidays.py" line="26" time="0.001" /><testcase classname="tests.test_holidays.TestIsWeekendOrHoliday" name="test_saturday_returns_true" file="tests/test_holidays.py" line="39" time="0.001" /><testcase classname="tests.test_holidays.TestIsWeekendOrHoliday" name="test_sunday_returns_true" file="tests/test_holidays.py" line="45" time="0.001" /><testcase classname="tests.test_holidays.TestIsWeekendOrHoliday" name="test_federal_holiday_returns_true" file="tests/test_holidays.py" line="51" time="0.001" /><testcase classname="tests.test_holidays.TestIsWeekendOrHoliday" name="test_regular_weekday_returns_false" file="tests/test_holidays.py" line="57" time="0.001" /><testcase classname="tests.test_holidays.TestIsWeekendOrHoliday" name="test_custom_holiday_returns_true" file="tests/test_holidays.py" line="64" time="0.004" /><testcase classname="tests.test_holidays.TestHolidayModel" name="test_create_holiday" file="tests/test_holidays.py" line="83" time="0.002" /><testcase classname="tests.test_holidays.TestHolidayModel" name="test_is_holiday_class_method" file="tests/test_holidays.py" line="102" time="0.003" /><testcase classname="tests.test_holidays.TestHolidayRoutes" name="test_holidays_page_loads" file="tests/test_holidays.py" line="126" time="0.010" /><testcase classname="tests.test_holidays.TestHolidayRoutes" name="test_add_holiday" file="tests/test_holidays.py" line="132" time="0.010" /><testcase classname="tests.test_holidays.TestHolidayRoutes" name="test_add_holiday_missing_fields" file="tests/test_holidays.py" line="154" time="0.005" /><testcase classname="tests.test_holidays.TestHolidayRoutes" name="test_delete_holiday" file="tests/test_holidays.py" line="164" time="0.014" /><testcase classname="tests.test_holidays.TestHolidayRoutes" name="test_refresh_federal_holidays" file="tests/test_holidays.py" line="196" time="0.017" /><testcase classname="tests.test_holidays_routes.TestHolidaysIndex" name="test_holidays_index_requires_admin" file="tests/test_holidays_routes.py" line="13" time="0.004" /><testcase classname="tests.test_holidays_routes.TestHolidaysIndex" name="test_holidays_index_loads" file="tests/test_holidays_routes.py" line="29" time="0.003" /><testcase classname="tests.test_holidays_routes.TestHolidaysIndex" name="test_holidays_index_lists_holidays" file="tests/test_holidays_routes.py" line="35" time="0.007" /><testcase classname="tests.test_holidays_routes.TestAddHoliday" name="test_add_holiday_success" file="tests/test_holidays_routes.py" line="57" time="0.011" /><testcase classname="tests.test_holidays_routes.TestAddHoliday" name="test_add_holiday_missing_date" file="tests/test_holidays_routes.py" line="81" time="0.004" /><testcase classname="tests.test_holidays_routes.TestAddHoliday" name="test_add_holiday_missing_name" file="tests/test_holidays_routes.py" line="91" time="0.004" /><testcase classname="tests.test_holidays_routes.TestAddHoliday" name="test_add_holiday_duplicate_date" file="tests/test_holidays_routes.py" line="105" time="0.007" /><testcase classname="tests.test_holidays_routes.TestAddHoliday" name="test_add_holiday_requires_admin" file="tests/test_holidays_routes.py" line="129" time="0.005" /><testcase classname="tests.test_holidays_routes.TestAddHoliday" name="test_add_holiday_exception_handling" file="tests/test_holidays_routes.py" line="149" time="0.004" /><testcase classname="tests.test_holidays_routes.TestDeleteHoliday" name="test_delete_holiday_success" file="tests/test_holidays_routes.py" line="165" time="0.009" /><testcase classname="tests.test_holidays_routes.TestDeleteHoliday" name="test_delete_nonexistent_holiday" file="tests/test_holidays_routes.py" line="188" time="0.001" /><testcase classname="tests.test_holidays_routes.TestDeleteHoliday" name="test_delete_holiday_requires_admin" file="tests/test_holidays_routes.py" line="201" time="0.007" /><testcase classname="tests.test_holidays_routes.TestRefreshFederalHolidays" name="test_refresh_federal_holidays" file="tests/test_holidays_routes.py" line="240" time="0.012" /><testcase classname="tests.test_holidays_routes.TestRefreshFederalHolidays" name="test_refresh_federal_holidays_no_new" file="tests/test_holidays_routes.py" line="248" time="0.022" /><testcase classname="tests.test_holidays_routes.TestRefreshFederalHolidays" name="test_refresh_federal_holidays_requires_admin" file="tests/test_holidays_routes.py" line="259" time="0.005" /><testcase classname="tests.test_holidays_routes.TestRefreshFederalHolidays" name="test_refresh_federal_holidays_adds_new" file="tests/test_holidays_routes.py" line="275" time="0.018" /><testcase classname="tests.test_holidays_routes.TestHolidayExceptionHandling" name="test_delete_holiday_db_error" file="tests/test_holidays_routes.py" line="295" time="0.009" /><testcase classname="tests.test_holidays_routes.TestHolidayExceptionHandling" name="test_refresh_federal_holidays_db_error" file="tests/test_holidays_routes.py" line="325" time="0.012" /><testcase classname="tests.test_models.TestRole" name="test_role_creation" file="tests/test_models.py" line="17" time="0.003" /><testcase classname="tests.test_models.TestRole" name="test_cutoff_time_str" file="tests/test_models.py" line="40" time="0.003" /><testcase classname="tests.test_models.TestRole" name="test_cutoff_time_str_formats" file="tests/test_models.py" line="44" time="0.000" /><testcase classname="tests.test_models.TestResident" name="test_resident_creation" file="tests/test_models.py" line="66" time="0.002" /><testcase classname="tests.test_models.TestResident" name="test_resident_active_by_default" file="tests/test_models.py" line="77" time="0.002" /><testcase classname="tests.test_models.TestResident" name="test_resident_deactivation" file="tests/test_models.py" line="86" time="0.004" /><testcase classname="tests.test_models.TestOvertimeCalculation" name="test_same_day_overtime" file="tests/test_models.py" line="98" time="0.010" /><testcase classname="tests.test_models.TestOvertimeCalculation" name="test_overnight_overtime" file="tests/test_models.py" line="113" time="0.012" /><testcase classname="tests.test_models.TestOvertimeCalculation" name="test_midnight_overtime" file="tests/test_models.py" line="128" time="0.008" /><testcase classname="tests.test_models.TestOvertimeCalculation" name="test_no_overtime_at_cutoff" file="tests/test_models.py" line="143" time="0.009" /><testcase classname="tests.test_models.TestOvertimeCalculation" name="test_no_overtime_before_cutoff" file="tests/test_models.py" line="158" time="0.008" /><testcase classname="tests.test_models.TestOvertimeCalculation" name="test_late_night_overtime" file="tests/test_models.py" line="175" time="0.009" /><testcase classname="tests.test_models.TestOvertimeCalculation" name="test_early_morning_overtime" file="tests/test_models.py" line="190" time="0.008" /><testcase classname="tests.test_models.TestOvertimeCalculation" name="test_different_cutoff_time" file="tests/test_models.py" line="205" time="0.007" /><testcase classname="tests.test_models.TestOvertimeCalculation" name="test_fifteen_minute_increments" file="tests/test_models.py" line="235" time="0.009" /><testcase classname="tests.test_models.TestTimeEntry" name="test_time_entry_creation" file="tests/test_models.py" line="255" time="0.010" /><testcase classname="tests.test_models.TestTimeEntry" name="test_time_entry_relationships" file="tests/test_models.py" line="274" time="0.012" /><testcase classname="tests.test_models.TestTimeEntry" name="test_time_entry_nullable_exit_time" file="tests/test_models.py" line="281" time="0.008" /><testcase classname="tests.test_models.TestDailySheet" name="test_daily_sheet_creation" file="tests/test_models.py" line="301" time="0.005" /><testcase classname="tests.test_models.TestDailySheet" name="test_daily_sheet_locking" file="tests/test_models.py" line="322" time="0.004" /><testcase classname="tests.test_models.TestDailySheet" name="test_daily_sheet_submission" file="tests/test_models.py" line="329" time="0.003" /><testcase classname="tests.test_models.TestDailySheet" name="test_daily_sheet_unique_date" file="tests/test_models.py" line="350" time="0.004" /><testcase classname="tests.test_models_extended.TestRoleModel" name="test_role_is_backup_default" file="tests/test_models_extended.py" line="22" time="0.003" /><testcase classname="tests.test_models_extended.TestRoleModel" name="test_backup_role" file="tests/test_models_extended.py" line="34" time="0.003" /><testcase classname="tests.test_models_extended.TestRoleModel" name="test_role_repr" file="tests/test_models_extended.py" line="52" time="0.000" /><testcase classname="tests.test_models_extended.TestResidentModel" name="test_display_name" file="tests/test_models_extended.py" line="62" time="0.000" /><testcase classname="tests.test_models_extended.TestResidentModel" name="test_status_active" file="tests/test_models_extended.py" line="68" time="0.000" /><testcase classname="tests.test_models_extended.TestResidentModel" name="test_status_inactive" file="tests/test_models_extended.py" line="74" time="0.000" /><testcase classname="tests.test_models_extended.TestResidentModel" name="test_total_entries" file="tests/test_models_extended.py" line="80" time="0.009" /><testcase classname="tests.test_models_extended.TestResidentModel" name="test_active_entries" file="tests/test_models_extended.py" line="109" time="0.008" /><testcase classname="tests.test_models_extended.TestResidentModel" name="test_to_dict_basic" file="tests/test_models_extended.py" line="154" time="0.003" /><testcase classname="tests.test_models_extended.TestResidentModel" name="test_to_dict_with_entries" file="tests/test_models_extended.py" line="187" time="0.008" /><testcase classname="tests.test_models_extended.TestResidentModel" name="test_to_dict_without_created_at" file="tests/test_models_extended.py" line="219" time="0.000" /><testcase classname="tests.test_models_extended.TestResidentModel" name="test_to_dict_entry_without_role" file="tests/test_models_extended.py" line="231" time="0.001" /><testcase classname="tests.test_models_extended.TestResidentModel" name="test_get_active" file="tests/test_models_extended.py" line="251" time="0.006" /><testcase classname="tests.test_models_extended.TestResidentModel" name="test_get_by_epic_id_found" file="tests/test_models_extended.py" line="275" time="0.005" /><testcase classname="tests.test_models_extended.TestResidentModel" name="test_get_by_epic_id_not_found" file="tests/test_models_extended.py" line="289" time="0.002" /><testcase classname="tests.test_models_extended.TestResidentModel" name="test_get_or_create_by_epic_id_existing" file="tests/test_models_extended.py" line="295" time="0.004" /><testcase classname="tests.test_models_extended.TestResidentModel" name="test_get_or_create_by_name_existing" file="tests/test_models_extended.py" line="315" time="0.005" /><testcase classname="tests.test_models_extended.TestResidentModel" name="test_get_or_create_by_name_adds_epic_id" file="tests/test_models_extended.py" line="330" time="0.004" /><testcase classname="tests.test_models_extended.TestResidentModel" name="test_get_or_create_new" file="tests/test_models_extended.py" line="347" time="0.006" /><testcase classname="tests.test_models_extended.TestResidentModel" name="test_get_entries_for_period" file="tests/test_models_extended.py" line="367" time="0.009" /><testcase classname="tests.test_models_extended.TestResidentModel" name="test_get_total_overtime_all" file="tests/test_models_extended.py" line="413" time="0.008" /><testcase classname="tests.test_models_extended.TestResidentModel" name="test_get_total_overtime_with_date_filter" file="tests/test_models_extended.py" line="450" time="0.009" /><testcase classname="tests.test_models_extended.TestResidentModel" name="test_resident_repr" file="tests/test_models_extended.py" line="497" time="0.000" /><testcase classname="tests.test_models_extended.TestTimeEntryModel" name="test_overtime_with_start_time_on_weekend" file="tests/test_models_extended.py" line="507" time="0.009" /><testcase classname="tests.test_models_extended.TestTimeEntryModel" name="test_overtime_with_start_time_on_custom_holiday" file="tests/test_models_extended.py" line="541" time="0.010" /><testcase classname="tests.test_models_extended.TestTimeEntryModel" name="test_overtime_backup_role_no_start_time_defaults_to_8am" file="tests/test_models_extended.py" line="585" time="0.008" /><testcase classname="tests.test_models_extended.TestTimeEntryModel" name="test_overtime_backup_overnight_shift" file="tests/test_models_extended.py" line="621" time="0.009" /><testcase classname="tests.test_models_extended.TestTimeEntryModel" name="test_overtime_without_exit_time" file="tests/test_models_extended.py" line="654" time="0.009" /><testcase classname="tests.test_models_extended.TestTimeEntryModel" name="test_overtime_without_role" file="tests/test_models_extended.py" line="671" time="0.007" /><testcase classname="tests.test_models_extended.TestTimeEntryModel" name="test_overtime_hours_property" file="tests/test_models_extended.py" line="683" time="0.009" /><testcase classname="tests.test_models_extended.TestTimeEntryModel" name="test_time_entry_repr_with_resident" file="tests/test_models_extended.py" line="690" time="0.009" /><testcase classname="tests.test_models_extended.TestTimeEntryModel" name="test_time_entry_repr_without_resident" file="tests/test_models_extended.py" line="708" time="0.003" /><testcase classname="tests.test_models_extended.TestDailySheetModel" name="test_daily_sheet_repr" file="tests/test_models_extended.py" line="724" time="0.000" /><testcase classname="tests.test_models_extended.TestHolidayModel" name="test_holiday_unique_date" file="tests/test_models_extended.py" line="734" time="0.003" /><testcase classname="tests.test_models_extended.TestHolidayModel" name="test_holiday_is_holiday_true" file="tests/test_models_extended.py" line="762" time="0.002" /><testcase classname="tests.test_models_extended.TestHolidayModel" name="test_holiday_is_holiday_false" file="tests/test_models_extended.py" line="778" time="0.001" /><testcase classname="tests.test_models_extended.TestHolidayModel" name="test_holiday_repr" file="tests/test_models_extended.py" line="784" time="0.000" /><testcase classname="tests.test_models_extended.TestAuditLogModel" name="test_create_audit_log" file="tests/test_models_extended.py" line="798" time="0.003" /><testcase classname="tests.test_models_extended.TestAuditLogModel" name="test_audit_log_repr" file="tests/test_models_extended.py" line="818" time="0.000" /><testcase classname="tests.test_report_utils.TestBuildEntriesQuery" name="test_query_with_date_range" file="tests/test_report_utils.py" line="16" time="0.000" /><testcase classname="tests.test_report_utils.TestBuildEntriesQuery" name="test_query_with_resident_filter" file="tests/test_report_utils.py" line="25" time="0.004" /><testcase classname="tests.test_report_utils.TestGetResidentName" name="test_returns_none_for_none_id" file="tests/test_report_utils.py" line="37" time="0.000" /><testcase classname="tests.test_report_utils.TestGetResidentName" name="test_returns_none_for_empty_string" file="tests/test_report_utils.py" line="42" time="0.000" /><testcase classname="tests.test_report_utils.TestGetResidentName" name="test_returns_name_for_valid_id" file="tests/test_report_utils.py" line="47" time="0.004" /><testcase classname="tests.test_report_utils.TestGetResidentName" name="test_returns_none_for_invalid_id" file="tests/test_report_utils.py" line="53" time="0.001" /><testcase classname="tests.test_report_utils.TestAggregateEntriesByResident" name="test_empty_entries" file="tests/test_report_utils.py" line="62" time="0.000" /><testcase classname="tests.test_report_utils.TestAggregateEntriesByResident" name="test_single_entry" file="tests/test_report_utils.py" line="68" time="0.010" /><testcase classname="tests.test_report_utils.TestAggregateEntriesByResident" name="test_multiple_entries_same_resident" file="tests/test_report_utils.py" line="80" time="0.009" /><testcase classname="tests.test_report_utils.TestAggregateEntriesByResident" name="test_entry_without_exit_time" file="tests/test_report_utils.py" line="112" time="0.008" /><testcase classname="tests.test_report_utils.TestGenerateCsvContent" name="test_empty_entries" file="tests/test_report_utils.py" line="138" time="0.000" /><testcase classname="tests.test_report_utils.TestGenerateCsvContent" name="test_single_entry" file="tests/test_report_utils.py" line="147" time="0.009" /><testcase classname="tests.test_report_utils.TestGenerateCsvContent" name="test_entry_without_exit_time" file="tests/test_report_utils.py" line="158" time="0.009" /><testcase classname="tests.test_reports_routes.TestReportGeneration" name="test_reports_page_loads" file="tests/test_reports_routes.py" line="8" time="0.004" /><testcase classname="tests.test_reports_routes.TestReportGeneration" name="test_generate_report_with_entries" file="tests/test_reports_routes.py" line="13" time="0.026" /><testcase classname="tests.test_reports_routes.TestReportGeneration" name="test_generate_report_filtered_by_resident" file="tests/test_reports_routes.py" line="30" time="0.013" /><testcase classname="tests.test_reports_routes.TestReportGeneration" name="test_generate_report_invalid_date" file="tests/test_reports_routes.py" line="49" time="0.002" /><testcase classname="tests.test_reports_routes.TestReportExport" name="test_export_csv_empty" file="tests/test_reports_routes.py" line="66" time="0.002" /><testcase classname="tests.test_reports_routes.TestReportExport" name="test_export_csv_with_entries" file="tests/test_reports_routes.py" line="79" time="0.010" /><testcase classname="tests.test_reports_routes.TestReportExport" name="test_export_csv_filtered_by_resident" file="tests/test_reports_routes.py" line="97" time="0.012" /><testcase classname="tests.test_reports_routes.TestReportExport" name="test_export_csv_invalid_date" file="tests/test_reports_routes.py" line="116" time="0.003" /><testcase classname="tests.test_reports_routes.TestReportEmail" name="test_send_email_success" file="tests/test_reports_routes.py" line="134" time="0.011" /><testcase classname="tests.test_reports_routes.TestReportEmail" name="test_send_email_failure" file="tests/test_reports_routes.py" line="155" time="0.012" /><testcase classname="tests.test_reports_routes.TestReportEmail" name="test_send_email_exception" file="tests/test_reports_routes.py" line="176" time="0.011" /><testcase classname="tests.test_reports_routes.TestReportEmail" name="test_send_email_with_resident_filter" file="tests/test_reports_routes.py" line="200" time="0.014" /><testcase classname="tests.test_reports_routes.TestReportEmail" name="test_send_email_no_recipient" file="tests/test_reports_routes.py" line="223" time="0.012" /><testcase classname="tests.test_reports_routes.TestReportEdgeCases" name="test_generate_report_date_range" file="tests/test_reports_routes.py" line="246" time="0.002" /><testcase classname="tests.test_reports_routes.TestReportEdgeCases" name="test_generate_report_same_day" file="tests/test_reports_routes.py" line="258" time="0.013" /><testcase classname="tests.test_residents_routes.TestResidentsIndex" name="test_residents_index_requires_admin" file="tests/test_residents_routes.py" line="11" time="0.008" /><testcase classname="tests.test_residents_routes.TestResidentsIndex" name="test_residents_index_lists_all" file="tests/test_residents_routes.py" line="27" time="0.019" /><testcase classname="tests.test_residents_routes.TestResidentsIndex" name="test_residents_ordered_by_name" file="tests/test_residents_routes.py" line="34" time="0.011" /><testcase classname="tests.test_residents_routes.TestAddResident" name="test_add_resident_success" file="tests/test_residents_routes.py" line="58" time="0.013" /><testcase classname="tests.test_residents_routes.TestAddResident" name="test_add_resident_empty_name" file="tests/test_residents_routes.py" line="78" time="0.008" /><testcase classname="tests.test_residents_routes.TestAddResident" name="test_add_resident_whitespace_name" file="tests/test_residents_routes.py" line="88" time="0.009" /><testcase classname="tests.test_residents_routes.TestAddResident" name="test_add_resident_trims_whitespace" file="tests/test_residents_routes.py" line="109" time="0.010" /><testcase classname="tests.test_residents_routes.TestAddResident" name="test_add_resident_requires_admin" file="tests/test_residents_routes.py" line="126" time="0.005" /><testcase classname="tests.test_residents_routes.TestToggleResident" name="test_toggle_active_to_inactive" file="tests/test_residents_routes.py" line="149" time="0.010" /><testcase classname="tests.test_residents_routes.TestToggleResident" name="test_toggle_inactive_to_active" file="tests/test_residents_routes.py" line="172" time="0.010" /><testcase classname="tests.test_residents_routes.TestToggleResident" name="test_toggle_nonexistent_resident" file="tests/test_residents_routes.py" line="195" time="0.002" /><testcase classname="tests.test_residents_routes.TestToggleResident" name="test_toggle_requires_admin" file="tests/test_residents_routes.py" line="207" time="0.008" /><testcase classname="tests.test_residents_routes.TestImportStaff" name="test_import_staff_requires_admin" file="tests/test_residents_routes.py" line="230" time="0.005" /><testcase classname="tests.test_residents_routes.TestImportStaff" name="test_import_staff_success" file="tests/test_residents_routes.py" line="245" time="0.007" /><testcase classname="tests.test_residents_routes.TestImportStaff" name="test_import_staff_failure" file="tests/test_residents_routes.py" line="264" time="0.007" /><testcase classname="tests.test_residents_routes.TestImportStaff" name="test_import_staff_exception" file="tests/test_residents_routes.py" line="280" time="0.007" /><testcase classname="tests.test_residents_routes.TestResidentManagement" name="test_add_resident_empty_name" file="tests/test_residents_routes.py" line="297" time="0.007" /><testcase classname="tests.test_residents_routes.TestResidentManagement" name="test_add_resident_whitespace_name" file="tests/test_residents_routes.py" line="307" time="0.007" /><testcase classname="tests.test_residents_routes.TestResidentManagement" name="test_resident_list_shows_all" file="tests/test_residents_routes.py" line="317" time="0.010" /><testcase classname="tests.test_residents_routes.TestResidentExceptionHandling" name="test_add_resident_db_error" file="tests/test_residents_routes.py" line="328" time="0.007" /><testcase classname="tests.test_residents_routes.TestResidentExceptionHandling" name="test_toggle_resident_db_error" file="tests/test_residents_routes.py" line="342" time="0.012" /><testcase classname="tests.test_roles_routes.TestRolesIndex" name="test_roles_index_requires_admin" file="tests/test_roles_routes.py" line="8" time="0.005" /><testcase classname="tests.test_roles_routes.TestRolesIndex" name="test_roles_index_lists_all_roles" file="tests/test_roles_routes.py" line="29" time="0.007" /><testcase classname="tests.test_roles_routes.TestRolesIndex" name="test_roles_index_shows_cutoff_times" file="tests/test_roles_routes.py" line="36" time="0.006" /><testcase classname="tests.test_roles_routes.TestRolesIndex" name="test_roles_ordered_by_display_order" file="tests/test_roles_routes.py" line="44" time="0.007" /><testcase classname="tests.test_roles_routes.TestRolesUpdate" name="test_update_role_cutoff_time" file="tests/test_roles_routes.py" line="72" time="0.009" /><testcase classname="tests.test_roles_routes.TestRolesUpdate" name="test_update_role_with_backup_status" file="tests/test_roles_routes.py" line="88" time="0.009" /><testcase classname="tests.test_roles_routes.TestRolesUpdate" name="test_update_role_disable_backup" file="tests/test_roles_routes.py" line="101" time="0.008" /><testcase classname="tests.test_roles_routes.TestRolesUpdate" name="test_update_role_invalid_hour_too_high" file="tests/test_roles_routes.py" line="119" time="0.008" /><testcase classname="tests.test_roles_routes.TestRolesUpdate" name="test_update_role_invalid_hour_negative" file="tests/test_roles_routes.py" line="130" time="0.007" /><testcase classname="tests.test_roles_routes.TestRolesUpdate" name="test_update_role_invalid_minute_too_high" file="tests/test_roles_routes.py" line="141" time="0.007" /><testcase classname="tests.test_roles_routes.TestRolesUpdate" name="test_update_role_invalid_minute_negative" file="tests/test_roles_routes.py" line="152" time="0.007" /><testcase classname="tests.test_roles_routes.TestRolesUpdate" name="test_update_nonexistent_role" file="tests/test_roles_routes.py" line="163" time="0.002" /><testcase classname="tests.test_roles_routes.TestRolesUpdate" name="test_update_role_defaults_when_missing_values" file="tests/test_roles_routes.py" line="179" time="0.008" /><testcase classname="tests.test_roles_routes.TestRolesUpdate" name="test_update_role_boundary_values" file="tests/test_roles_routes.py" line="193" time="0.014" /><testcase classname="tests.test_roles_routes.TestRolesUpdate" name="test_update_role_requires_admin" file="tests/test_roles_routes.py" line="218" time="0.008" /><testcase classname="tests.test_roles_routes.TestRolesEdgeCases" name="test_update_role_with_non_numeric_hour" file="tests/test_roles_routes.py" line="245" time="0.007" /><testcase classname="tests.test_roles_routes.TestRolesEdgeCases" name="test_update_role_with_non_numeric_minute" file="tests/test_roles_routes.py" line="256" time="0.007" /><testcase classname="tests.test_roles_routes.TestRolesEdgeCases" name="test_update_role_with_float_values" file="tests/test_roles_routes.py" line="267" time="0.007" /><testcase classname="tests.test_routes.TestIndexRoute" name="test_index_loads" file="tests/test_routes.py" line="16" time="0.004" /><testcase classname="tests.test_routes.TestIndexRoute" name="test_index_shows_today_date" file="tests/test_routes.py" line="22" time="0.003" /><testcase classname="tests.test_routes.TestIndexRoute" name="test_index_shows_no_entries_message" file="tests/test_routes.py" line="28" time="0.003" /><testcase classname="tests.test_routes.TestIndexRoute" name="test_index_shows_entries" file="tests/test_routes.py" line="33" time="0.012" /><testcase classname="tests.test_routes.TestViewSheet" name="test_view_sheet_specific_date" file="tests/test_routes.py" line="44" time="0.005" /><testcase classname="tests.test_routes.TestViewSheet" name="test_view_sheet_navigation" file="tests/test_routes.py" line="52" time="0.004" /><testcase classname="tests.test_routes.TestAddEntry" name="test_add_entry_success" file="tests/test_routes.py" line="64" time="0.020" /><testcase classname="tests.test_routes.TestAddEntry" name="test_add_entry_without_exit_time" file="tests/test_routes.py" line="92" time="0.017" /><testcase classname="tests.test_routes.TestAddEntry" name="test_add_entry_to_locked_sheet" file="tests/test_routes.py" line="120" time="0.011" /><testcase classname="tests.test_routes.TestDeleteEntry" name="test_delete_entry" file="tests/test_routes.py" line="152" time="0.013" /><testcase classname="tests.test_routes.TestDeleteEntry" name="test_delete_entry_from_locked_sheet" file="tests/test_routes.py" line="165" time="0.015" /><testcase classname="tests.test_routes.TestLockSheet" name="test_lock_sheet" file="tests/test_routes.py" line="194" time="0.008" /><testcase classname="tests.test_routes.TestLockSheet" name="test_unlock_sheet" file="tests/test_routes.py" line="205" time="0.009" /><testcase classname="tests.test_routes.TestAPIEndpoints" name="test_api_active_residents" file="tests/test_routes.py" line="231" time="0.005" /><testcase classname="tests.test_routes.TestAPIEndpoints" name="test_api_active_residents_excludes_inactive" file="tests/test_routes.py" line="245" time="0.002" /><testcase classname="tests.test_routes.TestAPIEndpoints" name="test_api_roles" file="tests/test_routes.py" line="259" time="0.001" /><testcase classname="tests.test_routes.TestReportsPage" name="test_reports_page_loads" file="tests/test_routes.py" line="280" time="0.001" /><testcase classname="tests.test_routes.TestReportsPage" name="test_generate_report" file="tests/test_routes.py" line="286" time="0.012" /><testcase classname="tests.test_routes.TestReportsPage" name="test_generate_empty_report" file="tests/test_routes.py" line="302" time="0.003" /><testcase classname="tests.test_routes.TestManageResidents" name="test_manage_residents_page_loads" file="tests/test_routes.py" line="321" time="0.007" /><testcase classname="tests.test_routes.TestManageResidents" name="test_add_resident" file="tests/test_routes.py" line="327" time="0.010" /><testcase classname="tests.test_routes.TestManageResidents" name="test_toggle_resident_status" file="tests/test_routes.py" line="343" time="0.013" /><testcase classname="tests.test_routes.TestManageRoles" name="test_manage_roles_page_loads" file="tests/test_routes.py" line="364" time="0.003" /><testcase classname="tests.test_routes.TestManageRoles" name="test_update_role_cutoff" file="tests/test_routes.py" line="370" time="0.011" /><testcase classname="tests.test_routes.TestWorkflowIntegration" name="test_complete_daily_workflow" file="tests/test_routes.py" line="398" time="0.030" /><testcase classname="tests.test_routes.TestWorkflowIntegration" name="test_overnight_shift_workflow" file="tests/test_routes.py" line="447" time="0.019" /><testcase classname="tests.test_schedule.TestScheduleImport" name="test_import_locked_sheet" file="tests/test_schedule.py" line="11" time="0.007" /><testcase classname="tests.test_schedule.TestScheduleImport" name="test_import_schedule_success" file="tests/test_schedule.py" line="35" time="0.010" /><testcase classname="tests.test_schedule.TestScheduleImport" name="test_import_schedule_request_error" file="tests/test_schedule.py" line="70" time="0.008" /><testcase classname="tests.test_schedule.TestScheduleImport" name="test_import_schedule_empty_response" file="tests/test_schedule.py" line="94" time="0.011" /><testcase classname="tests.test_schedule.TestScheduleImport" name="test_import_invalid_date" file="tests/test_schedule.py" line="119" time="0.005" /><testcase classname="tests.test_schedule.TestScheduleImport" name="test_import_creates_new_residents" file="tests/test_schedule.py" line="128" time="0.014" /><testcase classname="tests.test_schedule.TestScheduleImport" name="test_import_updates_existing_resident_epic_id" file="tests/test_schedule.py" line="172" time="0.018" /><testcase classname="tests.test_schedule.TestScheduleImport" name="test_import_skips_unknown_roles" file="tests/test_schedule.py" line="221" time="0.010" /><testcase classname="tests.test_schedule.TestScheduleImport" name="test_import_skips_duplicate_entries" file="tests/test_schedule.py" line="252" time="0.016" /><testcase classname="tests.test_schedule.TestScheduleImport" name="test_import_finds_resident_by_epic_id" file="tests/test_schedule.py" line="305" time="0.014" /><testcase classname="tests.test_schedule.TestScheduleImport" name="test_import_no_entries_message" file="tests/test_schedule.py" line="353" time="0.009" /><testcase classname="tests.test_schedule.TestScheduleImport" name="test_import_general_exception" file="tests/test_schedule.py" line="380" time="0.008" /><testcase classname="tests.test_schedule.TestScheduleImport" name="test_import_role_in_mapping_but_not_in_db" file="tests/test_schedule.py" line="402" time="0.014" /><testcase classname="tests.test_schedule.TestScheduleImport" name="test_import_creates_new_resident_without_epic_id" file="tests/test_schedule.py" line="447" time="0.014" /><testcase classname="tests.test_sheets_routes.TestSheetsIndex" name="test_index_creates_daily_sheet_if_not_exists" file="tests/test_sheets_routes.py" line="12" time="0.007" /><testcase classname="tests.test_sheets_routes.TestSheetsIndex" name="test_index_shows_roles" file="tests/test_sheets_routes.py" line="27" time="0.006" /><testcase classname="tests.test_sheets_routes.TestSheetsIndex" name="test_index_shows_navigation_links" file="tests/test_sheets_routes.py" line="34" time="0.003" /><testcase classname="tests.test_sheets_routes.TestSheetsIndex" name="test_index_shows_lock_button" file="tests/test_sheets_routes.py" line="42" time="0.004" /><testcase classname="tests.test_sheets_routes.TestSheetsView" name="test_view_past_date" file="tests/test_sheets_routes.py" line="52" time="0.005" /><testcase classname="tests.test_sheets_routes.TestSheetsView" name="test_view_future_date" file="tests/test_sheets_routes.py" line="61" time="0.006" /><testcase classname="tests.test_sheets_routes.TestSheetsView" name="test_view_invalid_date_format" file="tests/test_sheets_routes.py" line="70" time="0.004" /><testcase classname="tests.test_sheets_routes.TestSheetsView" name="test_view_creates_sheet_if_not_exists" file="tests/test_sheets_routes.py" line="76" time="0.006" /><testcase classname="tests.test_sheets_routes.TestSheetsView" name="test_view_shows_entries_for_date" file="tests/test_sheets_routes.py" line="98" time="0.013" /><testcase classname="tests.test_sheets_routes.TestSheetsLock" name="test_lock_unlocked_sheet" file="tests/test_sheets_routes.py" line="127" time="0.010" /><testcase classname="tests.test_sheets_routes.TestSheetsLock" name="test_unlock_locked_sheet" file="tests/test_sheets_routes.py" line="154" time="0.009" /><testcase classname="tests.test_sheets_routes.TestSheetsLock" name="test_lock_records_user_and_time" file="tests/test_sheets_routes.py" line="180" time="0.010" /><testcase classname="tests.test_sheets_routes.TestSheetsLock" name="test_unlock_clears_user_and_time" file="tests/test_sheets_routes.py" line="206" time="0.009" /><testcase classname="tests.test_sheets_routes.TestSheetsLock" name="test_lock_creates_sheet_if_not_exists" file="tests/test_sheets_routes.py" line="230" time="0.009" /><testcase classname="tests.test_sheets_routes.TestWeekendHolidayDisplay" name="test_weekend_indicated" file="tests/test_sheets_routes.py" line="260" time="0.004" /><testcase classname="tests.test_sheets_routes.TestSheetsExceptionHandling" name="test_lock_sheet_db_error" file="tests/test_sheets_routes.py" line="281" time="0.006" /><testcase classname="tests.test_staff_import.TestFetchStaffList" name="test_fetch_success" file="tests/test_staff_import.py" line="19" time="0.001" /><testcase classname="tests.test_staff_import.TestFetchStaffList" name="test_fetch_with_custom_schedule_code" file="tests/test_staff_import.py" line="35" time="0.001" /><testcase classname="tests.test_staff_import.TestFetchStaffList" name="test_fetch_network_error" file="tests/test_staff_import.py" line="50" time="0.001" /><testcase classname="tests.test_staff_import.TestFetchStaffList" name="test_fetch_http_error" file="tests/test_staff_import.py" line="58" time="0.001" /><testcase classname="tests.test_staff_import.TestParseStaffList" name="test_parse_valid_csv_with_epic_ids" file="tests/test_staff_import.py" line="72" time="0.001" /><testcase classname="tests.test_staff_import.TestParseStaffList" name="test_parse_empty_content" file="tests/test_staff_import.py" line="94" time="0.000" /><testcase classname="tests.test_staff_import.TestParseStaffList" name="test_parse_no_header" file="tests/test_staff_import.py" line="99" time="0.000" /><testcase classname="tests.test_staff_import.TestParseStaffList" name="test_parse_only_header" file="tests/test_staff_import.py" line="105" time="0.000" /><testcase classname="tests.test_staff_import.TestParseStaffList" name="test_parse_skips_empty_names" file="tests/test_staff_import.py" line="111" time="0.000" /><testcase classname="tests.test_staff_import.TestParseStaffList" name="test_parse_skips_placeholder_entries" file="tests/test_staff_import.py" line="122" time="0.000" /><testcase classname="tests.test_staff_import.TestParseStaffList" name="test_parse_skips_entries_without_epic_id" file="tests/test_staff_import.py" line="134" time="0.000" /><testcase classname="tests.test_staff_import.TestParseStaffList" name="test_parse_uses_pager_before_tel" file="tests/test_staff_import.py" line="146" time="0.000" /><testcase classname="tests.test_staff_import.TestParseStaffList" name="test_parse_falls_back_to_tel_when_no_pager" file="tests/test_staff_import.py" line="155" time="0.000" /><testcase classname="tests.test_staff_import.TestParseStaffList" name="test_parse_handles_whitespace_in_names" file="tests/test_staff_import.py" line="164" time="0.000" /><testcase classname="tests.test_staff_import.TestParseStaffList" name="test_parse_handles_whitespace_only_names" file="tests/test_staff_import.py" line="173" time="0.000" /><testcase classname="tests.test_staff_import.TestImportStaffToDatabase" name="test_create_new_resident" file="tests/test_staff_import.py" line="188" time="0.006" /><testcase classname="tests.test_staff_import.TestImportStaffToDatabase" name="test_update_existing_resident" file="tests/test_staff_import.py" line="230" time="0.005" /><testcase classname="tests.test_staff_import.TestImportStaffToDatabase" name="test_skip_unchanged_resident" file="tests/test_staff_import.py" line="280" time="0.004" /><testcase classname="tests.test_staff_import.TestImportStaffToDatabase" name="test_mixed_operations" file="tests/test_staff_import.py" line="322" time="0.007" /><testcase classname="tests.test_staff_import.TestImportStaffToDatabase" name="test_partial_field_updates" file="tests/test_staff_import.py" line="395" time="0.005" /><testcase classname="tests.test_staff_import.TestImportStaffList" name="test_success_flow" file="tests/test_staff_import.py" line="446" time="0.005" /><testcase classname="tests.test_staff_import.TestImportStaffList" name="test_empty_staff_list" file="tests/test_staff_import.py" line="471" time="0.001" /><testcase classname="tests.test_staff_import.TestImportStaffList" name="test_network_error" file="tests/test_staff_import.py" line="490" time="0.000" /><testcase classname="tests.test_staff_import.TestImportStaffList" name="test_parse_error" file="tests/test_staff_import.py" line="504" time="0.000" /><testcase classname="tests.test_staff_import.TestImportStaffList" name="test_custom_schedule_code" file="tests/test_staff_import.py" line="518" time="0.005" /><testcase classname="tests.test_staff_import.TestImportStaffList" name="test_database_error" file="tests/test_staff_import.py" line="538" time="0.001" /><testcase classname="tests.test_staff_import.TestImportStaffRoute" name="test_import_staff_success" file="tests/test_staff_import.py" line="558" time="0.012" /><testcase classname="tests.test_staff_import.TestImportStaffRoute" name="test_import_staff_network_error" file="tests/test_staff_import.py" line="577" time="0.007" /><testcase classname="tests.test_utils.TestPhiladelphiaTime" name="test_get_philadelphia_time_returns_aware_datetime" file="tests/test_utils.py" line="23" time="0.000" /><testcase classname="tests.test_utils.TestPhiladelphiaTime" name="test_get_philadelphia_time_is_current" file="tests/test_utils.py" line="29" time="0.000" /><testcase classname="tests.test_utils.TestEffectiveDate" name="test_effective_date_after_8am" file="tests/test_utils.py" line="47" time="0.000" /><testcase classname="tests.test_utils.TestEffectiveDate" name="test_effective_date_before_8am" file="tests/test_utils.py" line="60" time="0.000" /><testcase classname="tests.test_utils.TestEffectiveDate" name="test_effective_date_exactly_8am" file="tests/test_utils.py" line="74" time="0.000" /><testcase classname="tests.test_utils.TestEffectiveDate" name="test_effective_date_just_before_8am" file="tests/test_utils.py" line="87" time="0.000" /><testcase classname="tests.test_utils.TestEffectiveDate" name="test_effective_date_midnight" file="tests/test_utils.py" line="101" time="0.000" /><testcase classname="tests.test_utils.TestEffectiveDate" name="test_effective_date_late_night" file="tests/test_utils.py" line="115" time="0.000" /><testcase classname="tests.test_utils.TestEffectiveDate" name="test_effective_date_default_uses_current_time" file="tests/test_utils.py" line="128" time="0.000" /><testcase classname="tests.test_utils.TestEffectiveDate" name="test_effective_date_handles_naive_datetime" file="tests/test_utils.py" line="133" time="0.000" /><testcase classname="tests.test_utils.TestPhillyToday" name="test_philly_today_returns_date" file="tests/test_utils.py" line="148" time="0.000" /><testcase classname="tests.test_utils.TestPhillyToday" name="test_philly_today_accounts_for_8am_reset" file="tests/test_utils.py" line="153" time="0.000" /><testcase classname="tests.test_utils.TestBackupDatabase" name="test_backup_database_creates_file" file="tests/test_utils.py" line="172" time="0.004" /><testcase classname="tests.test_utils.TestBackupDatabase" name="test_backup_database_nonexistent_file" file="tests/test_utils.py" line="192" time="0.001" /><testcase classname="tests.test_utils.TestTimezoneEdgeCases" name="test_daylight_saving_time_transition" file="tests/test_utils.py" line="204" time="0.000" /><testcase classname="tests.test_utils.TestTimezoneEdgeCases" name="test_effective_date_across_dst_boundary" file="tests/test_utils.py" line="219" time="0.000" /><testcase classname="tests.test_utils.TestPhillyNow" name="test_philly_now_returns_aware_datetime" file="tests/test_utils.py" line="237" time="0.000" /><testcase classname="tests.test_utils.TestPhillyNow" name="test_philly_now_equivalent_to_get_philadelphia_time" file="tests/test_utils.py" line="245" time="0.000" /><testcase classname="tests.test_utils.TestSetupLogging" name="test_setup_logging_creates_log_dir" file="tests/test_utils.py" line="261" time="0.001" /><testcase classname="tests.test_utils.TestSetupLogging" name="test_setup_logging_returns_logger" file="tests/test_utils.py" line="272" time="0.001" /><testcase classname="tests.test_utils.TestHandleDbError" name="test_decorator_passes_through_on_success" file="tests/test_utils.py" line="287" time="0.000" /><testcase classname="tests.test_utils.TestHandleDbError" name="test_decorator_catches_exception" file="tests/test_utils.py" line="305" time="0.002" /><testcase classname="tests.test_utils.TestBackupDatabaseEdgeCases" name="test_backup_creates_directory_if_missing" file="tests/test_utils.py" line="337" time="0.001" /><testcase classname="tests.test_utils.TestBackupDatabaseEdgeCases" name="test_backup_cleans_old_backups" file="tests/test_utils.py" line="349" time="0.006" /><testcase classname="tests.test_utils.TestEffectiveDateWithDifferentTimezones" name="test_effective_date_with_utc_input" file="tests/test_utils.py" line="375" time="0.000" /><testcase classname="tests.test_utils.TestEffectiveDateWithDifferentTimezones" name="test_effective_date_with_different_timezone" file="tests/test_utils.py" line="382" time="0.001" /><testcase classname="tests.test_utils.TestBackupDatabaseExceptionHandling" name="test_backup_database_handles_copy_error" file="tests/test_utils.py" line="395" time="0.002" /><testcase classname="tests.test_utils.TestBackupDatabaseExceptionHandling" name="test_backup_database_handles_mkdir_error" file="tests/test_utils.py" line="413" time="0.005" /></testsuite></testsuites>